
> smartcart-akedo@1.0.0 test
> jest tests/integration_order.test.js

  console.warn
    [2025-12-07T08:24:45.487Z] [WARN] Invalid or missing ENCRYPTION_KEY in .env. Using a fallback key for development only. THIS IS NOT SECURE.

    [0m [90m 37 |[39m   warn[33m:[39m (message[33m,[39m [33m...[39margs) [33m=>[39m {
     [90m 38 |[39m     [36mif[39m (currentLogLevel [33m<=[39m logLevels[33m.[39m[33mWARN[39m) {
    [31m[1m>[22m[39m[90m 39 |[39m       console[33m.[39mwarn(formatMessage([32m'WARN'[39m[33m,[39m message[33m,[39m [33m...[39margs))[33m;[39m
     [90m    |[39m               [31m[1m^[22m[39m
     [90m 40 |[39m     }
     [90m 41 |[39m   }[33m,[39m
     [90m 42 |[39m[0m

      at Object.warn (src/utils/logger.js:39:15)
      at Object.warn (src/utils/encryption.js:9:12)
      at Object.require (src/db/index.js:4:27)
      at Object.<anonymous> (src/services/CartService.js:1:34)
      at Object.<anonymous> (src/services/OrderService.js:1:45)
      at Object.<anonymous> (tests/integration_order.test.js:1:61)

  console.error
    [2025-12-07T08:24:45.602Z] [ERROR] Encryption failed: {
      "code": "ERR_CRYPTO_INVALID_KEYLEN"
    }

    [0m [90m 43 |[39m   error[33m:[39m (message[33m,[39m [33m...[39margs) [33m=>[39m {
     [90m 44 |[39m     [36mif[39m (currentLogLevel [33m<=[39m logLevels[33m.[39m[33mERROR[39m) {
    [31m[1m>[22m[39m[90m 45 |[39m       console[33m.[39merror(formatMessage([32m'ERROR'[39m[33m,[39m message[33m,[39m [33m...[39margs))[33m;[39m
     [90m    |[39m               [31m[1m^[22m[39m
     [90m 46 |[39m     }
     [90m 47 |[39m   }[33m,[39m
     [90m 48 |[39m }[33m;[39m[0m

      at Object.error (src/utils/logger.js:45:15)
      at EncryptionService.error [as encrypt] (src/utils/encryption.js:27:20)
      at SimpleDb.encrypt [as save] (src/db/index.js:66:49)
      at SimpleDb.save (src/db/index.js:52:22)
      at SimpleDb.load [as findOne] (src/db/index.js:98:14)
      at CartService.findOne (src/services/CartService.js:14:23)
      at CartService.getCart [as clearCart] (src/services/CartService.js:59:27)
      at Object.clearCart (tests/integration_order.test.js:7:21)

  console.error
    [2025-12-07T08:24:45.608Z] [ERROR] Error saving database: {}

    [0m [90m 43 |[39m   error[33m:[39m (message[33m,[39m [33m...[39margs) [33m=>[39m {
     [90m 44 |[39m     [36mif[39m (currentLogLevel [33m<=[39m logLevels[33m.[39m[33mERROR[39m) {
    [31m[1m>[22m[39m[90m 45 |[39m       console[33m.[39merror(formatMessage([32m'ERROR'[39m[33m,[39m message[33m,[39m [33m...[39margs))[33m;[39m
     [90m    |[39m               [31m[1m^[22m[39m
     [90m 46 |[39m     }
     [90m 47 |[39m   }[33m,[39m
     [90m 48 |[39m }[33m;[39m[0m

      at Object.error (src/utils/logger.js:45:15)
      at SimpleDb.error [as save] (src/db/index.js:70:20)
      at SimpleDb.save (src/db/index.js:52:22)
      at SimpleDb.load [as findOne] (src/db/index.js:98:14)
      at CartService.findOne (src/services/CartService.js:14:23)
      at CartService.getCart [as clearCart] (src/services/CartService.js:59:27)
      at Object.clearCart (tests/integration_order.test.js:7:21)

  console.log
    [2025-12-07T08:24:45.612Z] [INFO] Database loaded from ./smartcart.db.json

      at Object.log [as info] (src/utils/logger.js:33:15)

  console.error
    [2025-12-07T08:24:45.615Z] [ERROR] Encryption failed: {
      "code": "ERR_CRYPTO_INVALID_KEYLEN"
    }

    [0m [90m 43 |[39m   error[33m:[39m (message[33m,[39m [33m...[39margs) [33m=>[39m {
     [90m 44 |[39m     [36mif[39m (currentLogLevel [33m<=[39m logLevels[33m.[39m[33mERROR[39m) {
    [31m[1m>[22m[39m[90m 45 |[39m       console[33m.[39merror(formatMessage([32m'ERROR'[39m[33m,[39m message[33m,[39m [33m...[39margs))[33m;[39m
     [90m    |[39m               [31m[1m^[22m[39m
     [90m 46 |[39m     }
     [90m 47 |[39m   }[33m,[39m
     [90m 48 |[39m }[33m;[39m[0m

      at Object.error (src/utils/logger.js:45:15)
      at EncryptionService.error [as encrypt] (src/utils/encryption.js:27:20)
      at SimpleDb.encrypt [as save] (src/db/index.js:66:49)
      at SimpleDb.save [as insert] (src/db/index.js:88:14)
      at CartService.insert [as getCart] (src/services/CartService.js:24:16)
      at CartService.getCart [as clearCart] (src/services/CartService.js:59:27)
      at Object.clearCart (tests/integration_order.test.js:7:21)

  console.error
    [2025-12-07T08:24:45.622Z] [ERROR] Error saving database: {}

    [0m [90m 43 |[39m   error[33m:[39m (message[33m,[39m [33m...[39margs) [33m=>[39m {
     [90m 44 |[39m     [36mif[39m (currentLogLevel [33m<=[39m logLevels[33m.[39m[33mERROR[39m) {
    [31m[1m>[22m[39m[90m 45 |[39m       console[33m.[39merror(formatMessage([32m'ERROR'[39m[33m,[39m message[33m,[39m [33m...[39margs))[33m;[39m
     [90m    |[39m               [31m[1m^[22m[39m
     [90m 46 |[39m     }
     [90m 47 |[39m   }[33m,[39m
     [90m 48 |[39m }[33m;[39m[0m

      at Object.error (src/utils/logger.js:45:15)
      at SimpleDb.error [as save] (src/db/index.js:70:20)
      at SimpleDb.save [as insert] (src/db/index.js:88:14)
      at CartService.insert [as getCart] (src/services/CartService.js:24:16)
      at CartService.getCart [as clearCart] (src/services/CartService.js:59:27)
      at Object.clearCart (tests/integration_order.test.js:7:21)

  console.log
    [2025-12-07T08:24:45.626Z] [INFO] Created new active cart: 628fbb47-b7c6-4ebd-a55b-2dc2aecc3d34

      at Object.log [as info] (src/utils/logger.js:33:15)

  console.error
    [2025-12-07T08:24:45.628Z] [ERROR] Encryption failed: {
      "code": "ERR_CRYPTO_INVALID_KEYLEN"
    }

    [0m [90m 43 |[39m   error[33m:[39m (message[33m,[39m [33m...[39margs) [33m=>[39m {
     [90m 44 |[39m     [36mif[39m (currentLogLevel [33m<=[39m logLevels[33m.[39m[33mERROR[39m) {
    [31m[1m>[22m[39m[90m 45 |[39m       console[33m.[39merror(formatMessage([32m'ERROR'[39m[33m,[39m message[33m,[39m [33m...[39margs))[33m;[39m
     [90m    |[39m               [31m[1m^[22m[39m
     [90m 46 |[39m     }
     [90m 47 |[39m   }[33m,[39m
     [90m 48 |[39m }[33m;[39m[0m

      at Object.error (src/utils/logger.js:45:15)
      at EncryptionService.error [as encrypt] (src/utils/encryption.js:27:20)
      at SimpleDb.encrypt [as save] (src/db/index.js:66:49)
      at SimpleDb.save [as update] (src/db/index.js:108:18)
      at CartService.update [as _updateCart] (src/services/CartService.js:71:12)
      at CartService._updateCart [as clearCart] (src/services/CartService.js:61:14)
      at Object.clearCart (tests/integration_order.test.js:7:21)

  console.error
    [2025-12-07T08:24:45.631Z] [ERROR] Error saving database: {}

    [0m [90m 43 |[39m   error[33m:[39m (message[33m,[39m [33m...[39margs) [33m=>[39m {
     [90m 44 |[39m     [36mif[39m (currentLogLevel [33m<=[39m logLevels[33m.[39m[33mERROR[39m) {
    [31m[1m>[22m[39m[90m 45 |[39m       console[33m.[39merror(formatMessage([32m'ERROR'[39m[33m,[39m message[33m,[39m [33m...[39margs))[33m;[39m
     [90m    |[39m               [31m[1m^[22m[39m
     [90m 46 |[39m     }
     [90m 47 |[39m   }[33m,[39m
     [90m 48 |[39m }[33m;[39m[0m

      at Object.error (src/utils/logger.js:45:15)
      at SimpleDb.error [as save] (src/db/index.js:70:20)
      at SimpleDb.save [as update] (src/db/index.js:108:18)
      at CartService.update [as _updateCart] (src/services/CartService.js:71:12)
      at CartService._updateCart [as clearCart] (src/services/CartService.js:61:14)
      at Object.clearCart (tests/integration_order.test.js:7:21)

  console.error
    [2025-12-07T08:24:45.637Z] [ERROR] Encryption failed: {
      "code": "ERR_CRYPTO_INVALID_KEYLEN"
    }

    [0m [90m 43 |[39m   error[33m:[39m (message[33m,[39m [33m...[39margs) [33m=>[39m {
     [90m 44 |[39m     [36mif[39m (currentLogLevel [33m<=[39m logLevels[33m.[39m[33mERROR[39m) {
    [31m[1m>[22m[39m[90m 45 |[39m       console[33m.[39merror(formatMessage([32m'ERROR'[39m[33m,[39m message[33m,[39m [33m...[39margs))[33m;[39m
     [90m    |[39m               [31m[1m^[22m[39m
     [90m 46 |[39m     }
     [90m 47 |[39m   }[33m,[39m
     [90m 48 |[39m }[33m;[39m[0m

      at Object.error (src/utils/logger.js:45:15)
      at EncryptionService.error [as encrypt] (src/utils/encryption.js:27:20)
      at SimpleDb.encrypt [as save] (src/db/index.js:66:49)
      at SimpleDb.save [as update] (src/db/index.js:108:18)
      at CartService.update [as _updateCart] (src/services/CartService.js:71:12)
      at CartService._updateCart [as addToCart] (src/services/CartService.js:47:14)
      at Object.addToCart (tests/integration_order.test.js:14:21)

  console.error
    [2025-12-07T08:24:45.641Z] [ERROR] Error saving database: {}

    [0m [90m 43 |[39m   error[33m:[39m (message[33m,[39m [33m...[39margs) [33m=>[39m {
     [90m 44 |[39m     [36mif[39m (currentLogLevel [33m<=[39m logLevels[33m.[39m[33mERROR[39m) {
    [31m[1m>[22m[39m[90m 45 |[39m       console[33m.[39merror(formatMessage([32m'ERROR'[39m[33m,[39m message[33m,[39m [33m...[39margs))[33m;[39m
     [90m    |[39m               [31m[1m^[22m[39m
     [90m 46 |[39m     }
     [90m 47 |[39m   }[33m,[39m
     [90m 48 |[39m }[33m;[39m[0m

      at Object.error (src/utils/logger.js:45:15)
      at SimpleDb.error [as save] (src/db/index.js:70:20)
      at SimpleDb.save [as update] (src/db/index.js:108:18)
      at CartService.update [as _updateCart] (src/services/CartService.js:71:12)
      at CartService._updateCart [as addToCart] (src/services/CartService.js:47:14)
      at Object.addToCart (tests/integration_order.test.js:14:21)

  console.error
    [2025-12-07T08:24:45.655Z] [ERROR] Encryption failed: {
      "code": "ERR_CRYPTO_INVALID_KEYLEN"
    }

    [0m [90m 43 |[39m   error[33m:[39m (message[33m,[39m [33m...[39margs) [33m=>[39m {
     [90m 44 |[39m     [36mif[39m (currentLogLevel [33m<=[39m logLevels[33m.[39m[33mERROR[39m) {
    [31m[1m>[22m[39m[90m 45 |[39m       console[33m.[39merror(formatMessage([32m'ERROR'[39m[33m,[39m message[33m,[39m [33m...[39margs))[33m;[39m
     [90m    |[39m               [31m[1m^[22m[39m
     [90m 46 |[39m     }
     [90m 47 |[39m   }[33m,[39m
     [90m 48 |[39m }[33m;[39m[0m

      at Object.error (src/utils/logger.js:45:15)
      at EncryptionService.error [as encrypt] (src/utils/encryption.js:27:20)
      at SimpleDb.encrypt [as save] (src/db/index.js:66:49)
      at SimpleDb.save [as update] (src/db/index.js:108:18)
      at CartService.update [as _updateCart] (src/services/CartService.js:71:12)
      at CartService._updateCart [as clearCart] (src/services/CartService.js:61:14)
      at Object.clearCart (tests/integration_order.test.js:7:21)

  console.error
    [2025-12-07T08:24:45.658Z] [ERROR] Error saving database: {}

    [0m [90m 43 |[39m   error[33m:[39m (message[33m,[39m [33m...[39margs) [33m=>[39m {
     [90m 44 |[39m     [36mif[39m (currentLogLevel [33m<=[39m logLevels[33m.[39m[33mERROR[39m) {
    [31m[1m>[22m[39m[90m 45 |[39m       console[33m.[39merror(formatMessage([32m'ERROR'[39m[33m,[39m message[33m,[39m [33m...[39margs))[33m;[39m
     [90m    |[39m               [31m[1m^[22m[39m
     [90m 46 |[39m     }
     [90m 47 |[39m   }[33m,[39m
     [90m 48 |[39m }[33m;[39m[0m

      at Object.error (src/utils/logger.js:45:15)
      at SimpleDb.error [as save] (src/db/index.js:70:20)
      at SimpleDb.save [as update] (src/db/index.js:108:18)
      at CartService.update [as _updateCart] (src/services/CartService.js:71:12)
      at CartService._updateCart [as clearCart] (src/services/CartService.js:61:14)
      at Object.clearCart (tests/integration_order.test.js:7:21)

  console.error
    [2025-12-07T08:24:45.662Z] [ERROR] Encryption failed: {
      "code": "ERR_CRYPTO_INVALID_KEYLEN"
    }

    [0m [90m 43 |[39m   error[33m:[39m (message[33m,[39m [33m...[39margs) [33m=>[39m {
     [90m 44 |[39m     [36mif[39m (currentLogLevel [33m<=[39m logLevels[33m.[39m[33mERROR[39m) {
    [31m[1m>[22m[39m[90m 45 |[39m       console[33m.[39merror(formatMessage([32m'ERROR'[39m[33m,[39m message[33m,[39m [33m...[39margs))[33m;[39m
     [90m    |[39m               [31m[1m^[22m[39m
     [90m 46 |[39m     }
     [90m 47 |[39m   }[33m,[39m
     [90m 48 |[39m }[33m;[39m[0m

      at Object.error (src/utils/logger.js:45:15)
      at EncryptionService.error [as encrypt] (src/utils/encryption.js:27:20)
      at SimpleDb.encrypt [as save] (src/db/index.js:66:49)
      at SimpleDb.save [as update] (src/db/index.js:108:18)
      at CartService.update [as _updateCart] (src/services/CartService.js:71:12)
      at CartService._updateCart [as addToCart] (src/services/CartService.js:47:14)
      at Object.addToCart (tests/integration_order.test.js:24:21)

  console.error
    [2025-12-07T08:24:45.665Z] [ERROR] Error saving database: {}

    [0m [90m 43 |[39m   error[33m:[39m (message[33m,[39m [33m...[39margs) [33m=>[39m {
     [90m 44 |[39m     [36mif[39m (currentLogLevel [33m<=[39m logLevels[33m.[39m[33mERROR[39m) {
    [31m[1m>[22m[39m[90m 45 |[39m       console[33m.[39merror(formatMessage([32m'ERROR'[39m[33m,[39m message[33m,[39m [33m...[39margs))[33m;[39m
     [90m    |[39m               [31m[1m^[22m[39m
     [90m 46 |[39m     }
     [90m 47 |[39m   }[33m,[39m
     [90m 48 |[39m }[33m;[39m[0m

      at Object.error (src/utils/logger.js:45:15)
      at SimpleDb.error [as save] (src/db/index.js:70:20)
      at SimpleDb.save [as update] (src/db/index.js:108:18)
      at CartService.update [as _updateCart] (src/services/CartService.js:71:12)
      at CartService._updateCart [as addToCart] (src/services/CartService.js:47:14)
      at Object.addToCart (tests/integration_order.test.js:24:21)

  console.error
    [2025-12-07T08:24:45.669Z] [ERROR] Order failed: {}

    [0m [90m 43 |[39m   error[33m:[39m (message[33m,[39m [33m...[39margs) [33m=>[39m {
     [90m 44 |[39m     [36mif[39m (currentLogLevel [33m<=[39m logLevels[33m.[39m[33mERROR[39m) {
    [31m[1m>[22m[39m[90m 45 |[39m       console[33m.[39merror(formatMessage([32m'ERROR'[39m[33m,[39m message[33m,[39m [33m...[39margs))[33m;[39m
     [90m    |[39m               [31m[1m^[22m[39m
     [90m 46 |[39m     }
     [90m 47 |[39m   }[33m,[39m
     [90m 48 |[39m }[33m;[39m[0m

      at Object.error (src/utils/logger.js:45:15)
      at OrderService.error [as placeOrder] (src/services/OrderService.js:97:20)
      at Object.<anonymous> (tests/integration_order.test.js:26:24)

node.exe : FAIL tests
/integration_order.te
st.js
At C:\Program Files\n
odejs\npm.ps1:29 
char:3
+   & $NODE_EXE 
$NPM_CLI_JS $args
+   ~~~~~~~~~~~~~~~~~
~~~~~~~~~~~~
    + CategoryInfo   
           : NotSpe  
  cified: (FAIL te   
 sts/integration_    
order.test.js:St    
ring) [], Remote    
Exception
    + FullyQualified 
   ErrorId : Native  
  CommandError
 
  OrderService 
Integration
    ΓêÜ should 
preview order 
successfully (56 ms)
    ├ù should place 
order and update 
inventory (17 ms)

  ΓùÅ OrderService 
Integration ΓÇ║ 
should place order 
and update inventory

    Order processing 
failed

    [0m [90m  96 
|[39m         } 
[36mcatch[39m 
(error) {
     [90m  97 
|[39m             lo
gger[33m.[39merror(
[32m'Order failed:'
[39m[33m,[39m 
error)[33m;[39m
    [31m[1m>[22m[
39m[90m  98 |[39m  
           
[36mthrow[39m 
[36mnew[39m [33mEr
ror[39m([32m'Order 
processing failed'[3
9m)[33m;[39m
     [90m     
|[39m               
    
[31m[1m^[22m[39m
     [90m  99 
|[39m         }
     [90m 100 
|[39m     }
     [90m 101 
|[39m }[0m

      at OrderService
.placeOrder (src/serv
ices/OrderService.js:
98:19)
      at 
Object.<anonymous> (t
ests/integration_orde
r.test.js:26:24)

Test Suites: 1 
failed, 1 total
Tests:       1 
failed, 1 passed, 2 
total
Snapshots:   0 total
Time:        1.099 
s, estimated 2 s
Ran all test suites 
matching /tests\\inte
gration_order.test.js
/i.
